Archive member included to satisfy reference by file (symbol)

d:/avr/bin/../lib/gcc/avr/12.1.0/avr5\libgcc.a(_divmodhi4.o)
                              bin/debug/src/AdManager.o (__divmodhi4)
d:/avr/bin/../lib/gcc/avr/12.1.0/avr5\libgcc.a(_exit.o)
                              d:/avr/bin/../lib/gcc/avr/12.1.0/../../../../avr/lib/avr5/crtatmega328p.o (exit)
d:/avr/bin/../lib/gcc/avr/12.1.0/avr5\libgcc.a(_copy_data.o)
                              bin/debug/src/AdManager.o (__do_copy_data)
d:/avr/bin/../lib/gcc/avr/12.1.0/avr5\libgcc.a(_clear_bss.o)
                              bin/debug/millis.o (__do_clear_bss)
d:/avr/bin/../lib/gcc/avr/12.1.0/avr5\libgcc.a(_udivmodhi4.o)
                              d:/avr/bin/../lib/gcc/avr/12.1.0/avr5\libgcc.a(_divmodhi4.o) (__udivmodhi4)
d:/avr/bin/../lib/gcc/avr/12.1.0/../../../../avr/lib/avr5\libm.a(fixsfsi.o)
                              bin/debug/src/AdManager.o (__fixsfsi)
d:/avr/bin/../lib/gcc/avr/12.1.0/../../../../avr/lib/avr5\libm.a(fixunssfsi.o)
                              d:/avr/bin/../lib/gcc/avr/12.1.0/../../../../avr/lib/avr5\libm.a(fixsfsi.o) (__fixunssfsi)
d:/avr/bin/../lib/gcc/avr/12.1.0/../../../../avr/lib/avr5\libm.a(floatsisf.o)
                              bin/debug/src/AdManager.o (__floatsisf)
d:/avr/bin/../lib/gcc/avr/12.1.0/../../../../avr/lib/avr5\libm.a(fp_split3.o)
                              d:/avr/bin/../lib/gcc/avr/12.1.0/../../../../avr/lib/avr5\libm.a(fixunssfsi.o) (__fp_splitA)
d:/avr/bin/../lib/gcc/avr/12.1.0/../../../../avr/lib/avr5\libm.a(fp_zero.o)
                              d:/avr/bin/../lib/gcc/avr/12.1.0/../../../../avr/lib/avr5\libm.a(fixunssfsi.o) (__fp_zero)
d:/avr/bin/../lib/gcc/avr/12.1.0/../../../../avr/lib/avr5\libm.a(mulsf3.o)
                              bin/debug/src/AdManager.o (__mulsf3)
d:/avr/bin/../lib/gcc/avr/12.1.0/../../../../avr/lib/avr5\libm.a(mulsf3x.o)
                              d:/avr/bin/../lib/gcc/avr/12.1.0/../../../../avr/lib/avr5\libm.a(mulsf3.o) (__mulsf3x)
d:/avr/bin/../lib/gcc/avr/12.1.0/../../../../avr/lib/avr5\libm.a(fp_inf.o)
                              d:/avr/bin/../lib/gcc/avr/12.1.0/../../../../avr/lib/avr5\libm.a(mulsf3x.o) (__fp_inf)
d:/avr/bin/../lib/gcc/avr/12.1.0/../../../../avr/lib/avr5\libm.a(fp_nan.o)
                              d:/avr/bin/../lib/gcc/avr/12.1.0/../../../../avr/lib/avr5\libm.a(mulsf3x.o) (__fp_nan)
d:/avr/bin/../lib/gcc/avr/12.1.0/../../../../avr/lib/avr5\libm.a(fp_pscA.o)
                              d:/avr/bin/../lib/gcc/avr/12.1.0/../../../../avr/lib/avr5\libm.a(mulsf3x.o) (__fp_pscA)
d:/avr/bin/../lib/gcc/avr/12.1.0/../../../../avr/lib/avr5\libm.a(fp_pscB.o)
                              d:/avr/bin/../lib/gcc/avr/12.1.0/../../../../avr/lib/avr5\libm.a(mulsf3x.o) (__fp_pscB)
d:/avr/bin/../lib/gcc/avr/12.1.0/../../../../avr/lib/avr5\libm.a(fp_round.o)
                              d:/avr/bin/../lib/gcc/avr/12.1.0/../../../../avr/lib/avr5\libm.a(mulsf3.o) (__fp_round)
d:/avr/bin/../lib/gcc/avr/12.1.0/../../../../avr/lib/avr5\libc.a(rand.o)
                              bin/debug/src/AdManager.o (rand)
d:/avr/bin/../lib/gcc/avr/12.1.0/../../../../avr/lib/avr5\libc.a(strcpy.o)
                              bin/debug/src/AdManager.o (strcpy)
d:/avr/bin/../lib/gcc/avr/12.1.0/avr5\libgcc.a(_divmodsi4.o)
                              d:/avr/bin/../lib/gcc/avr/12.1.0/../../../../avr/lib/avr5\libc.a(rand.o) (__divmodsi4)
d:/avr/bin/../lib/gcc/avr/12.1.0/avr5\libgcc.a(_negsi2.o)
                              d:/avr/bin/../lib/gcc/avr/12.1.0/avr5\libgcc.a(_divmodsi4.o) (__negsi2)
d:/avr/bin/../lib/gcc/avr/12.1.0/avr5\libgcc.a(_muluhisi3.o)
                              d:/avr/bin/../lib/gcc/avr/12.1.0/../../../../avr/lib/avr5\libc.a(rand.o) (__muluhisi3)
d:/avr/bin/../lib/gcc/avr/12.1.0/avr5\libgcc.a(_mulshisi3.o)
                              d:/avr/bin/../lib/gcc/avr/12.1.0/../../../../avr/lib/avr5\libc.a(rand.o) (__mulohisi3)
d:/avr/bin/../lib/gcc/avr/12.1.0/avr5\libgcc.a(_udivmodsi4.o)
                              d:/avr/bin/../lib/gcc/avr/12.1.0/avr5\libgcc.a(_divmodsi4.o) (__udivmodsi4)
d:/avr/bin/../lib/gcc/avr/12.1.0/avr5\libgcc.a(_umulhisi3.o)
                              d:/avr/bin/../lib/gcc/avr/12.1.0/avr5\libgcc.a(_muluhisi3.o) (__umulhisi3)

Memory Configuration

Name             Origin             Length             Attributes
text             0x0000000000000000 0x0000000000020000 xr
data             0x0000000000800060 0x000000000000ffa0 rw !x
eeprom           0x0000000000810000 0x0000000000010000 rw !x
fuse             0x0000000000820000 0x0000000000000003 rw !x
lock             0x0000000000830000 0x0000000000000400 rw !x
signature        0x0000000000840000 0x0000000000000400 rw !x
user_signatures  0x0000000000850000 0x0000000000000400 rw !x
*default*        0x0000000000000000 0xffffffffffffffff

Linker script and memory map

Address of section .data set to 0x800100
LOAD d:/avr/bin/../lib/gcc/avr/12.1.0/../../../../avr/lib/avr5/crtatmega328p.o
LOAD bin/debug/main.o
LOAD bin/debug/lcd.o
LOAD bin/debug/millis.o
LOAD bin/debug/analogPin.o
LOAD bin/debug/src/AdManager.o
LOAD d:/avr/bin/../lib/gcc/avr/12.1.0/avr5\libgcc.a
LOAD d:/avr/bin/../lib/gcc/avr/12.1.0/../../../../avr/lib/avr5\libm.a
START GROUP
LOAD d:/avr/bin/../lib/gcc/avr/12.1.0/avr5\libgcc.a
LOAD d:/avr/bin/../lib/gcc/avr/12.1.0/../../../../avr/lib/avr5\libm.a
LOAD d:/avr/bin/../lib/gcc/avr/12.1.0/../../../../avr/lib/avr5\libc.a
LOAD d:/avr/bin/../lib/gcc/avr/12.1.0/../../../../avr/lib/avr5\libatmega328p.a
END GROUP
                0x0000000000020000                __TEXT_REGION_LENGTH__ = DEFINED (__TEXT_REGION_LENGTH__)?__TEXT_REGION_LENGTH__:0x20000
                0x000000000000ffa0                __DATA_REGION_LENGTH__ = DEFINED (__DATA_REGION_LENGTH__)?__DATA_REGION_LENGTH__:0xffa0
                0x0000000000010000                __EEPROM_REGION_LENGTH__ = DEFINED (__EEPROM_REGION_LENGTH__)?__EEPROM_REGION_LENGTH__:0x10000
                [0x0000000000000003]                __FUSE_REGION_LENGTH__ = DEFINED (__FUSE_REGION_LENGTH__)?__FUSE_REGION_LENGTH__:0x400
                0x0000000000000400                __LOCK_REGION_LENGTH__ = DEFINED (__LOCK_REGION_LENGTH__)?__LOCK_REGION_LENGTH__:0x400
                0x0000000000000400                __SIGNATURE_REGION_LENGTH__ = DEFINED (__SIGNATURE_REGION_LENGTH__)?__SIGNATURE_REGION_LENGTH__:0x400
                0x0000000000000400                __USER_SIGNATURE_REGION_LENGTH__ = DEFINED (__USER_SIGNATURE_REGION_LENGTH__)?__USER_SIGNATURE_REGION_LENGTH__:0x400

.hash
 *(.hash)

.dynsym
 *(.dynsym)

.dynstr
 *(.dynstr)

.gnu.version
 *(.gnu.version)

.gnu.version_d
 *(.gnu.version_d)

.gnu.version_r
 *(.gnu.version_r)

.rel.init
 *(.rel.init)

.rela.init
 *(.rela.init)

.rel.text
 *(.rel.text)
 *(.rel.text.*)
 *(.rel.gnu.linkonce.t*)

.rela.text
 *(.rela.text)
 *(.rela.text.*)
 *(.rela.gnu.linkonce.t*)

.rel.fini
 *(.rel.fini)

.rela.fini
 *(.rela.fini)

.rel.rodata
 *(.rel.rodata)
 *(.rel.rodata.*)
 *(.rel.gnu.linkonce.r*)

.rela.rodata
 *(.rela.rodata)
 *(.rela.rodata.*)
 *(.rela.gnu.linkonce.r*)

.rel.data
 *(.rel.data)
 *(.rel.data.*)
 *(.rel.gnu.linkonce.d*)

.rela.data
 *(.rela.data)
 *(.rela.data.*)
 *(.rela.gnu.linkonce.d*)

.rel.ctors
 *(.rel.ctors)

.rela.ctors
 *(.rela.ctors)

.rel.dtors
 *(.rel.dtors)

.rela.dtors
 *(.rela.dtors)

.rel.got
 *(.rel.got)

.rela.got
 *(.rela.got)

.rel.bss
 *(.rel.bss)

.rela.bss
 *(.rela.bss)

.rel.plt
 *(.rel.plt)

.rela.plt
 *(.rela.plt)

.text           0x0000000000000000      0xfea
 *(.vectors)
 .vectors       0x0000000000000000       0x68 d:/avr/bin/../lib/gcc/avr/12.1.0/../../../../avr/lib/avr5/crtatmega328p.o
                0x0000000000000000                __vector_default
                0x0000000000000000                __vectors
 *(.vectors)
 *(.progmem.gcc*)
                0x0000000000000068                . = ALIGN (0x2)
                0x0000000000000068                __trampolines_start = .
 *(.trampolines)
 .trampolines   0x0000000000000068        0x0 linker stubs
 *(.trampolines*)
                0x0000000000000068                __trampolines_end = .
 *libprintf_flt.a:*(.progmem.data)
 *libc.a:*(.progmem.data)
 *(.progmem.*)
                0x0000000000000068                . = ALIGN (0x2)
 *(.lowtext)
 *(.lowtext*)
                0x0000000000000068                __ctors_start = .
 *(.ctors)
                0x0000000000000068                __ctors_end = .
                0x0000000000000068                __dtors_start = .
 *(.dtors)
                0x0000000000000068                __dtors_end = .
 SORT_BY_NAME(*)(.ctors)
 SORT_BY_NAME(*)(.dtors)
 *(.init0)
 .init0         0x0000000000000068        0x0 d:/avr/bin/../lib/gcc/avr/12.1.0/../../../../avr/lib/avr5/crtatmega328p.o
                0x0000000000000068                __init
 *(.init0)
 *(.init1)
 *(.init1)
 *(.init2)
 .init2         0x0000000000000068        0xc d:/avr/bin/../lib/gcc/avr/12.1.0/../../../../avr/lib/avr5/crtatmega328p.o
 *(.init2)
 *(.init3)
 *(.init3)
 *(.init4)
 .init4         0x0000000000000074       0x16 d:/avr/bin/../lib/gcc/avr/12.1.0/avr5\libgcc.a(_copy_data.o)
                0x0000000000000074                __do_copy_data
 .init4         0x000000000000008a       0x10 d:/avr/bin/../lib/gcc/avr/12.1.0/avr5\libgcc.a(_clear_bss.o)
                0x000000000000008a                __do_clear_bss
 *(.init4)
 *(.init5)
 *(.init5)
 *(.init6)
 *(.init6)
 *(.init7)
 *(.init7)
 *(.init8)
 *(.init8)
 *(.init9)
 .init9         0x000000000000009a        0x8 d:/avr/bin/../lib/gcc/avr/12.1.0/../../../../avr/lib/avr5/crtatmega328p.o
 *(.init9)
 *(.text)
 .text          0x00000000000000a2        0x4 d:/avr/bin/../lib/gcc/avr/12.1.0/../../../../avr/lib/avr5/crtatmega328p.o
                0x00000000000000a2                __vector_22
                0x00000000000000a2                __vector_1
                0x00000000000000a2                __vector_24
                0x00000000000000a2                __vector_12
                0x00000000000000a2                __bad_interrupt
                0x00000000000000a2                __vector_6
                0x00000000000000a2                __vector_3
                0x00000000000000a2                __vector_23
                0x00000000000000a2                __vector_25
                0x00000000000000a2                __vector_11
                0x00000000000000a2                __vector_13
                0x00000000000000a2                __vector_17
                0x00000000000000a2                __vector_19
                0x00000000000000a2                __vector_5
                0x00000000000000a2                __vector_4
                0x00000000000000a2                __vector_9
                0x00000000000000a2                __vector_2
                0x00000000000000a2                __vector_21
                0x00000000000000a2                __vector_15
                0x00000000000000a2                __vector_8
                0x00000000000000a2                __vector_14
                0x00000000000000a2                __vector_10
                0x00000000000000a2                __vector_16
                0x00000000000000a2                __vector_18
                0x00000000000000a2                __vector_20
 .text          0x00000000000000a6        0x0 bin/debug/main.o
 .text          0x00000000000000a6      0x1c2 bin/debug/lcd.o
                0x00000000000000a6                _ZN7HD447809OutNibbleEh
                0x00000000000000dc                _ZN7HD4478012WriteCommandEh
                0x000000000000010e                _ZN7HD447804GoToEhh
                0x000000000000011e                _ZN7HD447805ClearEv
                0x0000000000000132                _ZN7HD447804HomeEv
                0x0000000000000146                _ZN7HD4478010InitializeEv
                0x00000000000001da                _ZN7HD44780C2Ev
                0x00000000000001da                _ZN7HD44780C1Ev
                0x00000000000001e8                _ZN7HD447805WriteEh
                0x000000000000020c                _ZN7HD447809WriteDataEh
                0x0000000000000216                _ZN7HD447809WriteTextEPc
 .text          0x0000000000000268      0x14e bin/debug/millis.o
                0x0000000000000268                millis_init
                0x0000000000000280                millis_get
                0x00000000000002c0                millis_resume
                0x00000000000002d6                millis_pause
                0x00000000000002ec                millis_reset
                0x0000000000000304                millis_add
                0x000000000000033a                millis_subtract
                0x0000000000000370                __vector_7
 .text          0x00000000000003b6       0x96 bin/debug/analogPin.o
                0x00000000000003b6                _ZN9AnalogPin10analogReadEv
 .text          0x000000000000044c      0x64e bin/debug/src/AdManager.o
                0x000000000000044c                _ZN9AdManagerC1Ev
                0x000000000000044c                _ZN9AdManagerC2Ev
                0x000000000000071a                _ZN9AdManager10upDateTimeEv
                0x0000000000000774                _ZN9AdManager9getAdRuleEv
                0x0000000000000882                _ZN9AdManager12setRandomMsgEv
                0x0000000000000912                _ZN9AdManager18calculateTimeShareEv
                0x0000000000000a96                _ZN9AdManager5setupEv
 .text          0x0000000000000a9a        0x0 d:/avr/bin/../lib/gcc/avr/12.1.0/avr5\libgcc.a(_divmodhi4.o)
 .text          0x0000000000000a9a        0x0 d:/avr/bin/../lib/gcc/avr/12.1.0/avr5\libgcc.a(_exit.o)
 .text          0x0000000000000a9a        0x0 d:/avr/bin/../lib/gcc/avr/12.1.0/avr5\libgcc.a(_copy_data.o)
 .text          0x0000000000000a9a        0x0 d:/avr/bin/../lib/gcc/avr/12.1.0/avr5\libgcc.a(_clear_bss.o)
 .text          0x0000000000000a9a        0x0 d:/avr/bin/../lib/gcc/avr/12.1.0/avr5\libgcc.a(_udivmodhi4.o)
 .text          0x0000000000000a9a        0x0 d:/avr/bin/../lib/gcc/avr/12.1.0/../../../../avr/lib/avr5\libm.a(fixsfsi.o)
 .text          0x0000000000000a9a        0x0 d:/avr/bin/../lib/gcc/avr/12.1.0/../../../../avr/lib/avr5\libm.a(fixunssfsi.o)
 .text          0x0000000000000a9a        0x0 d:/avr/bin/../lib/gcc/avr/12.1.0/../../../../avr/lib/avr5\libm.a(floatsisf.o)
 .text          0x0000000000000a9a        0x0 d:/avr/bin/../lib/gcc/avr/12.1.0/../../../../avr/lib/avr5\libm.a(fp_split3.o)
 .text          0x0000000000000a9a        0x0 d:/avr/bin/../lib/gcc/avr/12.1.0/../../../../avr/lib/avr5\libm.a(fp_zero.o)
 .text          0x0000000000000a9a        0x0 d:/avr/bin/../lib/gcc/avr/12.1.0/../../../../avr/lib/avr5\libm.a(mulsf3.o)
 .text          0x0000000000000a9a        0x0 d:/avr/bin/../lib/gcc/avr/12.1.0/../../../../avr/lib/avr5\libm.a(mulsf3x.o)
 .text          0x0000000000000a9a        0x0 d:/avr/bin/../lib/gcc/avr/12.1.0/../../../../avr/lib/avr5\libm.a(fp_inf.o)
 .text          0x0000000000000a9a        0x0 d:/avr/bin/../lib/gcc/avr/12.1.0/../../../../avr/lib/avr5\libm.a(fp_nan.o)
 .text          0x0000000000000a9a        0x0 d:/avr/bin/../lib/gcc/avr/12.1.0/../../../../avr/lib/avr5\libm.a(fp_pscA.o)
 .text          0x0000000000000a9a        0x0 d:/avr/bin/../lib/gcc/avr/12.1.0/../../../../avr/lib/avr5\libm.a(fp_pscB.o)
 .text          0x0000000000000a9a        0x0 d:/avr/bin/../lib/gcc/avr/12.1.0/../../../../avr/lib/avr5\libm.a(fp_round.o)
 .text          0x0000000000000a9a        0x0 d:/avr/bin/../lib/gcc/avr/12.1.0/../../../../avr/lib/avr5\libc.a(rand.o)
 .text          0x0000000000000a9a        0x0 d:/avr/bin/../lib/gcc/avr/12.1.0/../../../../avr/lib/avr5\libc.a(strcpy.o)
 .text          0x0000000000000a9a        0x0 d:/avr/bin/../lib/gcc/avr/12.1.0/avr5\libgcc.a(_divmodsi4.o)
 .text          0x0000000000000a9a        0x0 d:/avr/bin/../lib/gcc/avr/12.1.0/avr5\libgcc.a(_negsi2.o)
 .text          0x0000000000000a9a        0x0 d:/avr/bin/../lib/gcc/avr/12.1.0/avr5\libgcc.a(_muluhisi3.o)
 .text          0x0000000000000a9a        0x0 d:/avr/bin/../lib/gcc/avr/12.1.0/avr5\libgcc.a(_mulshisi3.o)
 .text          0x0000000000000a9a        0x0 d:/avr/bin/../lib/gcc/avr/12.1.0/avr5\libgcc.a(_udivmodsi4.o)
 .text          0x0000000000000a9a        0x0 d:/avr/bin/../lib/gcc/avr/12.1.0/avr5\libgcc.a(_umulhisi3.o)
                0x0000000000000a9a                . = ALIGN (0x2)
 *(.text.*)
 .text.startup  0x0000000000000a9a       0xe0 bin/debug/main.o
                0x0000000000000a9a                main
 .text.libgcc.mul
                0x0000000000000b7a        0x0 d:/avr/bin/../lib/gcc/avr/12.1.0/avr5\libgcc.a(_divmodhi4.o)
 .text.libgcc.div
                0x0000000000000b7a       0x28 d:/avr/bin/../lib/gcc/avr/12.1.0/avr5\libgcc.a(_divmodhi4.o)
                0x0000000000000b7a                _div
                0x0000000000000b7a                __divmodhi4
 .text.libgcc   0x0000000000000ba2        0x0 d:/avr/bin/../lib/gcc/avr/12.1.0/avr5\libgcc.a(_divmodhi4.o)
 .text.libgcc.prologue
                0x0000000000000ba2        0x0 d:/avr/bin/../lib/gcc/avr/12.1.0/avr5\libgcc.a(_divmodhi4.o)
 .text.libgcc.builtins
                0x0000000000000ba2        0x0 d:/avr/bin/../lib/gcc/avr/12.1.0/avr5\libgcc.a(_divmodhi4.o)
 .text.libgcc.fmul
                0x0000000000000ba2        0x0 d:/avr/bin/../lib/gcc/avr/12.1.0/avr5\libgcc.a(_divmodhi4.o)
 .text.libgcc.fixed
                0x0000000000000ba2        0x0 d:/avr/bin/../lib/gcc/avr/12.1.0/avr5\libgcc.a(_divmodhi4.o)
 .text.libgcc.mul
                0x0000000000000ba2        0x0 d:/avr/bin/../lib/gcc/avr/12.1.0/avr5\libgcc.a(_exit.o)
 .text.libgcc.div
                0x0000000000000ba2        0x0 d:/avr/bin/../lib/gcc/avr/12.1.0/avr5\libgcc.a(_exit.o)
 .text.libgcc   0x0000000000000ba2        0x0 d:/avr/bin/../lib/gcc/avr/12.1.0/avr5\libgcc.a(_exit.o)
 .text.libgcc.prologue
                0x0000000000000ba2        0x0 d:/avr/bin/../lib/gcc/avr/12.1.0/avr5\libgcc.a(_exit.o)
 .text.libgcc.builtins
                0x0000000000000ba2        0x0 d:/avr/bin/../lib/gcc/avr/12.1.0/avr5\libgcc.a(_exit.o)
 .text.libgcc.fmul
                0x0000000000000ba2        0x0 d:/avr/bin/../lib/gcc/avr/12.1.0/avr5\libgcc.a(_exit.o)
 .text.libgcc.fixed
                0x0000000000000ba2        0x0 d:/avr/bin/../lib/gcc/avr/12.1.0/avr5\libgcc.a(_exit.o)
 .text.libgcc.mul
                0x0000000000000ba2        0x0 d:/avr/bin/../lib/gcc/avr/12.1.0/avr5\libgcc.a(_copy_data.o)
 .text.libgcc.div
                0x0000000000000ba2        0x0 d:/avr/bin/../lib/gcc/avr/12.1.0/avr5\libgcc.a(_copy_data.o)
 .text.libgcc   0x0000000000000ba2        0x0 d:/avr/bin/../lib/gcc/avr/12.1.0/avr5\libgcc.a(_copy_data.o)
 .text.libgcc.prologue
                0x0000000000000ba2        0x0 d:/avr/bin/../lib/gcc/avr/12.1.0/avr5\libgcc.a(_copy_data.o)
 .text.libgcc.builtins
                0x0000000000000ba2        0x0 d:/avr/bin/../lib/gcc/avr/12.1.0/avr5\libgcc.a(_copy_data.o)
 .text.libgcc.fmul
                0x0000000000000ba2        0x0 d:/avr/bin/../lib/gcc/avr/12.1.0/avr5\libgcc.a(_copy_data.o)
 .text.libgcc.fixed
                0x0000000000000ba2        0x0 d:/avr/bin/../lib/gcc/avr/12.1.0/avr5\libgcc.a(_copy_data.o)
 .text.libgcc.mul
                0x0000000000000ba2        0x0 d:/avr/bin/../lib/gcc/avr/12.1.0/avr5\libgcc.a(_clear_bss.o)
 .text.libgcc.div
                0x0000000000000ba2        0x0 d:/avr/bin/../lib/gcc/avr/12.1.0/avr5\libgcc.a(_clear_bss.o)
 .text.libgcc   0x0000000000000ba2        0x0 d:/avr/bin/../lib/gcc/avr/12.1.0/avr5\libgcc.a(_clear_bss.o)
 .text.libgcc.prologue
                0x0000000000000ba2        0x0 d:/avr/bin/../lib/gcc/avr/12.1.0/avr5\libgcc.a(_clear_bss.o)
 .text.libgcc.builtins
                0x0000000000000ba2        0x0 d:/avr/bin/../lib/gcc/avr/12.1.0/avr5\libgcc.a(_clear_bss.o)
 .text.libgcc.fmul
                0x0000000000000ba2        0x0 d:/avr/bin/../lib/gcc/avr/12.1.0/avr5\libgcc.a(_clear_bss.o)
 .text.libgcc.fixed
                0x0000000000000ba2        0x0 d:/avr/bin/../lib/gcc/avr/12.1.0/avr5\libgcc.a(_clear_bss.o)
 .text.libgcc.mul
                0x0000000000000ba2        0x0 d:/avr/bin/../lib/gcc/avr/12.1.0/avr5\libgcc.a(_udivmodhi4.o)
 .text.libgcc.div
                0x0000000000000ba2       0x28 d:/avr/bin/../lib/gcc/avr/12.1.0/avr5\libgcc.a(_udivmodhi4.o)
                0x0000000000000ba2                __udivmodhi4
 .text.libgcc   0x0000000000000bca        0x0 d:/avr/bin/../lib/gcc/avr/12.1.0/avr5\libgcc.a(_udivmodhi4.o)
 .text.libgcc.prologue
                0x0000000000000bca        0x0 d:/avr/bin/../lib/gcc/avr/12.1.0/avr5\libgcc.a(_udivmodhi4.o)
 .text.libgcc.builtins
                0x0000000000000bca        0x0 d:/avr/bin/../lib/gcc/avr/12.1.0/avr5\libgcc.a(_udivmodhi4.o)
 .text.libgcc.fmul
                0x0000000000000bca        0x0 d:/avr/bin/../lib/gcc/avr/12.1.0/avr5\libgcc.a(_udivmodhi4.o)
 .text.libgcc.fixed
                0x0000000000000bca        0x0 d:/avr/bin/../lib/gcc/avr/12.1.0/avr5\libgcc.a(_udivmodhi4.o)
 .text.avr-libc.fplib
                0x0000000000000bca        0xe d:/avr/bin/../lib/gcc/avr/12.1.0/../../../../avr/lib/avr5\libm.a(fixsfsi.o)
                0x0000000000000bca                __fixsfsi
 .text.avr-libc.fplib
                0x0000000000000bd8       0x5e d:/avr/bin/../lib/gcc/avr/12.1.0/../../../../avr/lib/avr5\libm.a(fixunssfsi.o)
                0x0000000000000bd8                __fixunssfsi
 .text.avr-libc.fplib
                0x0000000000000c36       0x7a d:/avr/bin/../lib/gcc/avr/12.1.0/../../../../avr/lib/avr5\libm.a(floatsisf.o)
                0x0000000000000c36                __floatunsisf
                0x0000000000000c3a                __floatsisf
 .text.avr-libc.fplib
                0x0000000000000cb0       0x44 d:/avr/bin/../lib/gcc/avr/12.1.0/../../../../avr/lib/avr5\libm.a(fp_split3.o)
                0x0000000000000cb0                __fp_split3
                0x0000000000000cc0                __fp_splitA
 .text.avr-libc.fplib
                0x0000000000000cf4        0xe d:/avr/bin/../lib/gcc/avr/12.1.0/../../../../avr/lib/avr5\libm.a(fp_zero.o)
                0x0000000000000cf4                __fp_zero
                0x0000000000000cf6                __fp_szero
 .text.avr-libc.fplib
                0x0000000000000d02        0x8 d:/avr/bin/../lib/gcc/avr/12.1.0/../../../../avr/lib/avr5\libm.a(mulsf3.o)
                0x0000000000000d02                __mulsf3
 .text.avr-libc.fplib
                0x0000000000000d0a       0xd2 d:/avr/bin/../lib/gcc/avr/12.1.0/../../../../avr/lib/avr5\libm.a(mulsf3x.o)
                0x0000000000000d28                __mulsf3x
                0x0000000000000d2e                __mulsf3_pse
 .text.avr-libc.fplib
                0x0000000000000ddc        0xc d:/avr/bin/../lib/gcc/avr/12.1.0/../../../../avr/lib/avr5\libm.a(fp_inf.o)
                0x0000000000000ddc                __fp_inf
 .text.avr-libc.fplib
                0x0000000000000de8        0x6 d:/avr/bin/../lib/gcc/avr/12.1.0/../../../../avr/lib/avr5\libm.a(fp_nan.o)
                0x0000000000000de8                __fp_nan
 .text.avr-libc.fplib
                0x0000000000000dee        0xe d:/avr/bin/../lib/gcc/avr/12.1.0/../../../../avr/lib/avr5\libm.a(fp_pscA.o)
                0x0000000000000dee                __fp_pscA
 .text.avr-libc.fplib
                0x0000000000000dfc        0xe d:/avr/bin/../lib/gcc/avr/12.1.0/../../../../avr/lib/avr5\libm.a(fp_pscB.o)
                0x0000000000000dfc                __fp_pscB
 .text.avr-libc.fplib
                0x0000000000000e0a       0x22 d:/avr/bin/../lib/gcc/avr/12.1.0/../../../../avr/lib/avr5\libm.a(fp_round.o)
                0x0000000000000e0a                __fp_round
 .text.avr-libc
                0x0000000000000e2c       0xe6 d:/avr/bin/../lib/gcc/avr/12.1.0/../../../../avr/lib/avr5\libc.a(rand.o)
                0x0000000000000eec                rand_r
                0x0000000000000ef2                rand
                0x0000000000000efc                srand
 .text.avr-libc
                0x0000000000000f12        0xe d:/avr/bin/../lib/gcc/avr/12.1.0/../../../../avr/lib/avr5\libc.a(strcpy.o)
                0x0000000000000f12                strcpy
 .text.libgcc.mul
                0x0000000000000f20        0x0 d:/avr/bin/../lib/gcc/avr/12.1.0/avr5\libgcc.a(_divmodsi4.o)
 .text.libgcc.div
                0x0000000000000f20       0x2e d:/avr/bin/../lib/gcc/avr/12.1.0/avr5\libgcc.a(_divmodsi4.o)
                0x0000000000000f20                __divmodsi4
 .text.libgcc   0x0000000000000f4e        0x0 d:/avr/bin/../lib/gcc/avr/12.1.0/avr5\libgcc.a(_divmodsi4.o)
 .text.libgcc.prologue
                0x0000000000000f4e        0x0 d:/avr/bin/../lib/gcc/avr/12.1.0/avr5\libgcc.a(_divmodsi4.o)
 .text.libgcc.builtins
                0x0000000000000f4e        0x0 d:/avr/bin/../lib/gcc/avr/12.1.0/avr5\libgcc.a(_divmodsi4.o)
 .text.libgcc.fmul
                0x0000000000000f4e        0x0 d:/avr/bin/../lib/gcc/avr/12.1.0/avr5\libgcc.a(_divmodsi4.o)
 .text.libgcc.fixed
                0x0000000000000f4e        0x0 d:/avr/bin/../lib/gcc/avr/12.1.0/avr5\libgcc.a(_divmodsi4.o)
 .text.libgcc.mul
                0x0000000000000f4e        0x0 d:/avr/bin/../lib/gcc/avr/12.1.0/avr5\libgcc.a(_negsi2.o)
 .text.libgcc.div
                0x0000000000000f4e       0x10 d:/avr/bin/../lib/gcc/avr/12.1.0/avr5\libgcc.a(_negsi2.o)
                0x0000000000000f4e                __negsi2
 .text.libgcc   0x0000000000000f5e        0x0 d:/avr/bin/../lib/gcc/avr/12.1.0/avr5\libgcc.a(_negsi2.o)
 .text.libgcc.prologue
                0x0000000000000f5e        0x0 d:/avr/bin/../lib/gcc/avr/12.1.0/avr5\libgcc.a(_negsi2.o)
 .text.libgcc.builtins
                0x0000000000000f5e        0x0 d:/avr/bin/../lib/gcc/avr/12.1.0/avr5\libgcc.a(_negsi2.o)
 .text.libgcc.fmul
                0x0000000000000f5e        0x0 d:/avr/bin/../lib/gcc/avr/12.1.0/avr5\libgcc.a(_negsi2.o)
 .text.libgcc.fixed
                0x0000000000000f5e        0x0 d:/avr/bin/../lib/gcc/avr/12.1.0/avr5\libgcc.a(_negsi2.o)
 .text.libgcc.mul
                0x0000000000000f5e       0x16 d:/avr/bin/../lib/gcc/avr/12.1.0/avr5\libgcc.a(_muluhisi3.o)
                0x0000000000000f5e                __muluhisi3
 .text.libgcc.div
                0x0000000000000f74        0x0 d:/avr/bin/../lib/gcc/avr/12.1.0/avr5\libgcc.a(_muluhisi3.o)
 .text.libgcc   0x0000000000000f74        0x0 d:/avr/bin/../lib/gcc/avr/12.1.0/avr5\libgcc.a(_muluhisi3.o)
 .text.libgcc.prologue
                0x0000000000000f74        0x0 d:/avr/bin/../lib/gcc/avr/12.1.0/avr5\libgcc.a(_muluhisi3.o)
 .text.libgcc.builtins
                0x0000000000000f74        0x0 d:/avr/bin/../lib/gcc/avr/12.1.0/avr5\libgcc.a(_muluhisi3.o)
 .text.libgcc.fmul
                0x0000000000000f74        0x0 d:/avr/bin/../lib/gcc/avr/12.1.0/avr5\libgcc.a(_muluhisi3.o)
 .text.libgcc.fixed
                0x0000000000000f74        0x0 d:/avr/bin/../lib/gcc/avr/12.1.0/avr5\libgcc.a(_muluhisi3.o)
 .text.libgcc.mul
                0x0000000000000f74       0x10 d:/avr/bin/../lib/gcc/avr/12.1.0/avr5\libgcc.a(_mulshisi3.o)
                0x0000000000000f74                __mulshisi3
                0x0000000000000f7a                __mulohisi3
 .text.libgcc.div
                0x0000000000000f84        0x0 d:/avr/bin/../lib/gcc/avr/12.1.0/avr5\libgcc.a(_mulshisi3.o)
 .text.libgcc   0x0000000000000f84        0x0 d:/avr/bin/../lib/gcc/avr/12.1.0/avr5\libgcc.a(_mulshisi3.o)
 .text.libgcc.prologue
                0x0000000000000f84        0x0 d:/avr/bin/../lib/gcc/avr/12.1.0/avr5\libgcc.a(_mulshisi3.o)
 .text.libgcc.builtins
                0x0000000000000f84        0x0 d:/avr/bin/../lib/gcc/avr/12.1.0/avr5\libgcc.a(_mulshisi3.o)
 .text.libgcc.fmul
                0x0000000000000f84        0x0 d:/avr/bin/../lib/gcc/avr/12.1.0/avr5\libgcc.a(_mulshisi3.o)
 .text.libgcc.fixed
                0x0000000000000f84        0x0 d:/avr/bin/../lib/gcc/avr/12.1.0/avr5\libgcc.a(_mulshisi3.o)
 .text.libgcc.mul
                0x0000000000000f84        0x0 d:/avr/bin/../lib/gcc/avr/12.1.0/avr5\libgcc.a(_udivmodsi4.o)
 .text.libgcc.div
                0x0000000000000f84       0x44 d:/avr/bin/../lib/gcc/avr/12.1.0/avr5\libgcc.a(_udivmodsi4.o)
                0x0000000000000f84                __udivmodsi4
 .text.libgcc   0x0000000000000fc8        0x0 d:/avr/bin/../lib/gcc/avr/12.1.0/avr5\libgcc.a(_udivmodsi4.o)
 .text.libgcc.prologue
                0x0000000000000fc8        0x0 d:/avr/bin/../lib/gcc/avr/12.1.0/avr5\libgcc.a(_udivmodsi4.o)
 .text.libgcc.builtins
                0x0000000000000fc8        0x0 d:/avr/bin/../lib/gcc/avr/12.1.0/avr5\libgcc.a(_udivmodsi4.o)
 .text.libgcc.fmul
                0x0000000000000fc8        0x0 d:/avr/bin/../lib/gcc/avr/12.1.0/avr5\libgcc.a(_udivmodsi4.o)
 .text.libgcc.fixed
                0x0000000000000fc8        0x0 d:/avr/bin/../lib/gcc/avr/12.1.0/avr5\libgcc.a(_udivmodsi4.o)
 .text.libgcc.mul
                0x0000000000000fc8       0x1e d:/avr/bin/../lib/gcc/avr/12.1.0/avr5\libgcc.a(_umulhisi3.o)
                0x0000000000000fc8                __umulhisi3
 .text.libgcc.div
                0x0000000000000fe6        0x0 d:/avr/bin/../lib/gcc/avr/12.1.0/avr5\libgcc.a(_umulhisi3.o)
 .text.libgcc   0x0000000000000fe6        0x0 d:/avr/bin/../lib/gcc/avr/12.1.0/avr5\libgcc.a(_umulhisi3.o)
 .text.libgcc.prologue
                0x0000000000000fe6        0x0 d:/avr/bin/../lib/gcc/avr/12.1.0/avr5\libgcc.a(_umulhisi3.o)
 .text.libgcc.builtins
                0x0000000000000fe6        0x0 d:/avr/bin/../lib/gcc/avr/12.1.0/avr5\libgcc.a(_umulhisi3.o)
 .text.libgcc.fmul
                0x0000000000000fe6        0x0 d:/avr/bin/../lib/gcc/avr/12.1.0/avr5\libgcc.a(_umulhisi3.o)
 .text.libgcc.fixed
                0x0000000000000fe6        0x0 d:/avr/bin/../lib/gcc/avr/12.1.0/avr5\libgcc.a(_umulhisi3.o)
                0x0000000000000fe6                . = ALIGN (0x2)
 *(.fini9)
 .fini9         0x0000000000000fe6        0x0 d:/avr/bin/../lib/gcc/avr/12.1.0/avr5\libgcc.a(_exit.o)
                0x0000000000000fe6                _exit
                0x0000000000000fe6                exit
 *(.fini9)
 *(.fini8)
 *(.fini8)
 *(.fini7)
 *(.fini7)
 *(.fini6)
 *(.fini6)
 *(.fini5)
 *(.fini5)
 *(.fini4)
 *(.fini4)
 *(.fini3)
 *(.fini3)
 *(.fini2)
 *(.fini2)
 *(.fini1)
 *(.fini1)
 *(.fini0)
 .fini0         0x0000000000000fe6        0x4 d:/avr/bin/../lib/gcc/avr/12.1.0/avr5\libgcc.a(_exit.o)
 *(.fini0)
 *(.hightext)
 *(.hightext*)
 *(.progmemx.*)
                0x0000000000000fea                . = ALIGN (0x2)
 *(.jumptables)
 *(.jumptables*)
                0x0000000000000fea                _etext = .

.data           0x0000000000800100      0x206 load address 0x0000000000000fea
                0x0000000000800100                PROVIDE (__data_start = .)
 *(.data)
 .data          0x0000000000800100        0x0 d:/avr/bin/../lib/gcc/avr/12.1.0/../../../../avr/lib/avr5/crtatmega328p.o
 .data          0x0000000000800100        0x0 bin/debug/main.o
 .data          0x0000000000800100        0x0 bin/debug/lcd.o
 .data          0x0000000000800100        0x0 bin/debug/millis.o
 .data          0x0000000000800100        0x0 bin/debug/analogPin.o
 .data          0x0000000000800100        0x0 bin/debug/src/AdManager.o
 .data          0x0000000000800100        0x0 d:/avr/bin/../lib/gcc/avr/12.1.0/avr5\libgcc.a(_divmodhi4.o)
 .data          0x0000000000800100        0x0 d:/avr/bin/../lib/gcc/avr/12.1.0/avr5\libgcc.a(_exit.o)
 .data          0x0000000000800100        0x0 d:/avr/bin/../lib/gcc/avr/12.1.0/avr5\libgcc.a(_copy_data.o)
 .data          0x0000000000800100        0x0 d:/avr/bin/../lib/gcc/avr/12.1.0/avr5\libgcc.a(_clear_bss.o)
 .data          0x0000000000800100        0x0 d:/avr/bin/../lib/gcc/avr/12.1.0/avr5\libgcc.a(_udivmodhi4.o)
 .data          0x0000000000800100        0x0 d:/avr/bin/../lib/gcc/avr/12.1.0/../../../../avr/lib/avr5\libm.a(fixsfsi.o)
 .data          0x0000000000800100        0x0 d:/avr/bin/../lib/gcc/avr/12.1.0/../../../../avr/lib/avr5\libm.a(fixunssfsi.o)
 .data          0x0000000000800100        0x0 d:/avr/bin/../lib/gcc/avr/12.1.0/../../../../avr/lib/avr5\libm.a(floatsisf.o)
 .data          0x0000000000800100        0x0 d:/avr/bin/../lib/gcc/avr/12.1.0/../../../../avr/lib/avr5\libm.a(fp_split3.o)
 .data          0x0000000000800100        0x0 d:/avr/bin/../lib/gcc/avr/12.1.0/../../../../avr/lib/avr5\libm.a(fp_zero.o)
 .data          0x0000000000800100        0x0 d:/avr/bin/../lib/gcc/avr/12.1.0/../../../../avr/lib/avr5\libm.a(mulsf3.o)
 .data          0x0000000000800100        0x0 d:/avr/bin/../lib/gcc/avr/12.1.0/../../../../avr/lib/avr5\libm.a(mulsf3x.o)
 .data          0x0000000000800100        0x0 d:/avr/bin/../lib/gcc/avr/12.1.0/../../../../avr/lib/avr5\libm.a(fp_inf.o)
 .data          0x0000000000800100        0x0 d:/avr/bin/../lib/gcc/avr/12.1.0/../../../../avr/lib/avr5\libm.a(fp_nan.o)
 .data          0x0000000000800100        0x0 d:/avr/bin/../lib/gcc/avr/12.1.0/../../../../avr/lib/avr5\libm.a(fp_pscA.o)
 .data          0x0000000000800100        0x0 d:/avr/bin/../lib/gcc/avr/12.1.0/../../../../avr/lib/avr5\libm.a(fp_pscB.o)
 .data          0x0000000000800100        0x0 d:/avr/bin/../lib/gcc/avr/12.1.0/../../../../avr/lib/avr5\libm.a(fp_round.o)
 .data          0x0000000000800100        0x4 d:/avr/bin/../lib/gcc/avr/12.1.0/../../../../avr/lib/avr5\libc.a(rand.o)
 .data          0x0000000000800104        0x0 d:/avr/bin/../lib/gcc/avr/12.1.0/../../../../avr/lib/avr5\libc.a(strcpy.o)
 .data          0x0000000000800104        0x0 d:/avr/bin/../lib/gcc/avr/12.1.0/avr5\libgcc.a(_divmodsi4.o)
 .data          0x0000000000800104        0x0 d:/avr/bin/../lib/gcc/avr/12.1.0/avr5\libgcc.a(_negsi2.o)
 .data          0x0000000000800104        0x0 d:/avr/bin/../lib/gcc/avr/12.1.0/avr5\libgcc.a(_muluhisi3.o)
 .data          0x0000000000800104        0x0 d:/avr/bin/../lib/gcc/avr/12.1.0/avr5\libgcc.a(_mulshisi3.o)
 .data          0x0000000000800104        0x0 d:/avr/bin/../lib/gcc/avr/12.1.0/avr5\libgcc.a(_udivmodsi4.o)
 .data          0x0000000000800104        0x0 d:/avr/bin/../lib/gcc/avr/12.1.0/avr5\libgcc.a(_umulhisi3.o)
 *(.data*)
 *(.gnu.linkonce.d*)
 *(.rodata)
 .rodata        0x0000000000800104      0x200 bin/debug/src/AdManager.o
 *(.rodata*)
 .rodata.str1.1
                0x0000000000800304        0x1 bin/debug/src/AdManager.o
 *(.gnu.linkonce.r*)
                0x0000000000800306                . = ALIGN (0x2)
 *fill*         0x0000000000800305        0x1 
                0x0000000000800306                _edata = .
                0x0000000000800306                PROVIDE (__data_end = .)

.bss            0x0000000000800306        0x4
                0x0000000000800306                PROVIDE (__bss_start = .)
 *(.bss)
 .bss           0x0000000000800306        0x0 d:/avr/bin/../lib/gcc/avr/12.1.0/../../../../avr/lib/avr5/crtatmega328p.o
 .bss           0x0000000000800306        0x0 bin/debug/main.o
 .bss           0x0000000000800306        0x0 bin/debug/lcd.o
 .bss           0x0000000000800306        0x4 bin/debug/millis.o
 .bss           0x000000000080030a        0x0 bin/debug/analogPin.o
 .bss           0x000000000080030a        0x0 bin/debug/src/AdManager.o
 .bss           0x000000000080030a        0x0 d:/avr/bin/../lib/gcc/avr/12.1.0/avr5\libgcc.a(_divmodhi4.o)
 .bss           0x000000000080030a        0x0 d:/avr/bin/../lib/gcc/avr/12.1.0/avr5\libgcc.a(_exit.o)
 .bss           0x000000000080030a        0x0 d:/avr/bin/../lib/gcc/avr/12.1.0/avr5\libgcc.a(_copy_data.o)
 .bss           0x000000000080030a        0x0 d:/avr/bin/../lib/gcc/avr/12.1.0/avr5\libgcc.a(_clear_bss.o)
 .bss           0x000000000080030a        0x0 d:/avr/bin/../lib/gcc/avr/12.1.0/avr5\libgcc.a(_udivmodhi4.o)
 .bss           0x000000000080030a        0x0 d:/avr/bin/../lib/gcc/avr/12.1.0/../../../../avr/lib/avr5\libm.a(fixsfsi.o)
 .bss           0x000000000080030a        0x0 d:/avr/bin/../lib/gcc/avr/12.1.0/../../../../avr/lib/avr5\libm.a(fixunssfsi.o)
 .bss           0x000000000080030a        0x0 d:/avr/bin/../lib/gcc/avr/12.1.0/../../../../avr/lib/avr5\libm.a(floatsisf.o)
 .bss           0x000000000080030a        0x0 d:/avr/bin/../lib/gcc/avr/12.1.0/../../../../avr/lib/avr5\libm.a(fp_split3.o)
 .bss           0x000000000080030a        0x0 d:/avr/bin/../lib/gcc/avr/12.1.0/../../../../avr/lib/avr5\libm.a(fp_zero.o)
 .bss           0x000000000080030a        0x0 d:/avr/bin/../lib/gcc/avr/12.1.0/../../../../avr/lib/avr5\libm.a(mulsf3.o)
 .bss           0x000000000080030a        0x0 d:/avr/bin/../lib/gcc/avr/12.1.0/../../../../avr/lib/avr5\libm.a(mulsf3x.o)
 .bss           0x000000000080030a        0x0 d:/avr/bin/../lib/gcc/avr/12.1.0/../../../../avr/lib/avr5\libm.a(fp_inf.o)
 .bss           0x000000000080030a        0x0 d:/avr/bin/../lib/gcc/avr/12.1.0/../../../../avr/lib/avr5\libm.a(fp_nan.o)
 .bss           0x000000000080030a        0x0 d:/avr/bin/../lib/gcc/avr/12.1.0/../../../../avr/lib/avr5\libm.a(fp_pscA.o)
 .bss           0x000000000080030a        0x0 d:/avr/bin/../lib/gcc/avr/12.1.0/../../../../avr/lib/avr5\libm.a(fp_pscB.o)
 .bss           0x000000000080030a        0x0 d:/avr/bin/../lib/gcc/avr/12.1.0/../../../../avr/lib/avr5\libm.a(fp_round.o)
 .bss           0x000000000080030a        0x0 d:/avr/bin/../lib/gcc/avr/12.1.0/../../../../avr/lib/avr5\libc.a(rand.o)
 .bss           0x000000000080030a        0x0 d:/avr/bin/../lib/gcc/avr/12.1.0/../../../../avr/lib/avr5\libc.a(strcpy.o)
 .bss           0x000000000080030a        0x0 d:/avr/bin/../lib/gcc/avr/12.1.0/avr5\libgcc.a(_divmodsi4.o)
 .bss           0x000000000080030a        0x0 d:/avr/bin/../lib/gcc/avr/12.1.0/avr5\libgcc.a(_negsi2.o)
 .bss           0x000000000080030a        0x0 d:/avr/bin/../lib/gcc/avr/12.1.0/avr5\libgcc.a(_muluhisi3.o)
 .bss           0x000000000080030a        0x0 d:/avr/bin/../lib/gcc/avr/12.1.0/avr5\libgcc.a(_mulshisi3.o)
 .bss           0x000000000080030a        0x0 d:/avr/bin/../lib/gcc/avr/12.1.0/avr5\libgcc.a(_udivmodsi4.o)
 .bss           0x000000000080030a        0x0 d:/avr/bin/../lib/gcc/avr/12.1.0/avr5\libgcc.a(_umulhisi3.o)
 *(.bss*)
 *(COMMON)
                0x000000000080030a                PROVIDE (__bss_end = .)
                0x0000000000000fea                __data_load_start = LOADADDR (.data)
                0x00000000000011f0                __data_load_end = (__data_load_start + SIZEOF (.data))

.noinit         0x000000000080030a        0x0
                [!provide]                        PROVIDE (__noinit_start = .)
 *(.noinit .noinit.* .gnu.linkonce.n.*)
                [!provide]                        PROVIDE (__noinit_end = .)
                0x000000000080030a                _end = .
                [!provide]                        PROVIDE (__heap_start = .)

.eeprom         0x0000000000810000        0x0
 *(.eeprom*)
                0x0000000000810000                __eeprom_end = .

.fuse
 *(.fuse)
 *(.lfuse)
 *(.hfuse)
 *(.efuse)

.lock
 *(.lock*)

.signature
 *(.signature*)

.stab
 *(.stab)

.stabstr
 *(.stabstr)

.stab.excl
 *(.stab.excl)

.stab.exclstr
 *(.stab.exclstr)

.stab.index
 *(.stab.index)

.stab.indexstr
 *(.stab.indexstr)

.comment        0x0000000000000000       0x12
 *(.comment)
 .comment       0x0000000000000000       0x12 bin/debug/main.o
                                         0x13 (size before relaxing)
 .comment       0x0000000000000012       0x13 bin/debug/lcd.o
 .comment       0x0000000000000012       0x13 bin/debug/millis.o
 .comment       0x0000000000000012       0x13 bin/debug/analogPin.o
 .comment       0x0000000000000012       0x13 bin/debug/src/AdManager.o
 .comment       0x0000000000000012       0x13 d:/avr/bin/../lib/gcc/avr/12.1.0/../../../../avr/lib/avr5\libc.a(rand.o)

.note.gnu.avr.deviceinfo
                0x0000000000000000       0x40
 .note.gnu.avr.deviceinfo
                0x0000000000000000       0x40 d:/avr/bin/../lib/gcc/avr/12.1.0/../../../../avr/lib/avr5/crtatmega328p.o

.note.gnu.build-id
 *(.note.gnu.build-id)

.debug
 *(.debug)

.line
 *(.line)

.debug_srcinfo
 *(.debug_srcinfo)

.debug_sfnames
 *(.debug_sfnames)

.debug_aranges  0x0000000000000000      0x160
 *(.debug_aranges)
 .debug_aranges
                0x0000000000000000       0x20 d:/avr/bin/../lib/gcc/avr/12.1.0/avr5\libgcc.a(_divmodhi4.o)
 .debug_aranges
                0x0000000000000020       0x20 d:/avr/bin/../lib/gcc/avr/12.1.0/avr5\libgcc.a(_exit.o)
 .debug_aranges
                0x0000000000000040       0x20 d:/avr/bin/../lib/gcc/avr/12.1.0/avr5\libgcc.a(_copy_data.o)
 .debug_aranges
                0x0000000000000060       0x20 d:/avr/bin/../lib/gcc/avr/12.1.0/avr5\libgcc.a(_clear_bss.o)
 .debug_aranges
                0x0000000000000080       0x20 d:/avr/bin/../lib/gcc/avr/12.1.0/avr5\libgcc.a(_udivmodhi4.o)
 .debug_aranges
                0x00000000000000a0       0x20 d:/avr/bin/../lib/gcc/avr/12.1.0/avr5\libgcc.a(_divmodsi4.o)
 .debug_aranges
                0x00000000000000c0       0x20 d:/avr/bin/../lib/gcc/avr/12.1.0/avr5\libgcc.a(_negsi2.o)
 .debug_aranges
                0x00000000000000e0       0x20 d:/avr/bin/../lib/gcc/avr/12.1.0/avr5\libgcc.a(_muluhisi3.o)
 .debug_aranges
                0x0000000000000100       0x20 d:/avr/bin/../lib/gcc/avr/12.1.0/avr5\libgcc.a(_mulshisi3.o)
 .debug_aranges
                0x0000000000000120       0x20 d:/avr/bin/../lib/gcc/avr/12.1.0/avr5\libgcc.a(_udivmodsi4.o)
 .debug_aranges
                0x0000000000000140       0x20 d:/avr/bin/../lib/gcc/avr/12.1.0/avr5\libgcc.a(_umulhisi3.o)

.debug_pubnames
 *(.debug_pubnames)

.debug_info     0x0000000000000000      0x780
 *(.debug_info .gnu.linkonce.wi.*)
 .debug_info    0x0000000000000000      0x5f4 d:/avr/bin/../lib/gcc/avr/12.1.0/../../../../avr/lib/avr5/crtatmega328p.o
 .debug_info    0x00000000000005f4       0x24 d:/avr/bin/../lib/gcc/avr/12.1.0/avr5\libgcc.a(_divmodhi4.o)
 .debug_info    0x0000000000000618       0x24 d:/avr/bin/../lib/gcc/avr/12.1.0/avr5\libgcc.a(_exit.o)
 .debug_info    0x000000000000063c       0x24 d:/avr/bin/../lib/gcc/avr/12.1.0/avr5\libgcc.a(_copy_data.o)
 .debug_info    0x0000000000000660       0x24 d:/avr/bin/../lib/gcc/avr/12.1.0/avr5\libgcc.a(_clear_bss.o)
 .debug_info    0x0000000000000684       0x24 d:/avr/bin/../lib/gcc/avr/12.1.0/avr5\libgcc.a(_udivmodhi4.o)
 .debug_info    0x00000000000006a8       0x24 d:/avr/bin/../lib/gcc/avr/12.1.0/avr5\libgcc.a(_divmodsi4.o)
 .debug_info    0x00000000000006cc       0x24 d:/avr/bin/../lib/gcc/avr/12.1.0/avr5\libgcc.a(_negsi2.o)
 .debug_info    0x00000000000006f0       0x24 d:/avr/bin/../lib/gcc/avr/12.1.0/avr5\libgcc.a(_muluhisi3.o)
 .debug_info    0x0000000000000714       0x24 d:/avr/bin/../lib/gcc/avr/12.1.0/avr5\libgcc.a(_mulshisi3.o)
 .debug_info    0x0000000000000738       0x24 d:/avr/bin/../lib/gcc/avr/12.1.0/avr5\libgcc.a(_udivmodsi4.o)
 .debug_info    0x000000000000075c       0x24 d:/avr/bin/../lib/gcc/avr/12.1.0/avr5\libgcc.a(_umulhisi3.o)

.debug_abbrev   0x0000000000000000      0x67e
 *(.debug_abbrev)
 .debug_abbrev  0x0000000000000000      0x5a2 d:/avr/bin/../lib/gcc/avr/12.1.0/../../../../avr/lib/avr5/crtatmega328p.o
 .debug_abbrev  0x00000000000005a2       0x14 d:/avr/bin/../lib/gcc/avr/12.1.0/avr5\libgcc.a(_divmodhi4.o)
 .debug_abbrev  0x00000000000005b6       0x14 d:/avr/bin/../lib/gcc/avr/12.1.0/avr5\libgcc.a(_exit.o)
 .debug_abbrev  0x00000000000005ca       0x14 d:/avr/bin/../lib/gcc/avr/12.1.0/avr5\libgcc.a(_copy_data.o)
 .debug_abbrev  0x00000000000005de       0x14 d:/avr/bin/../lib/gcc/avr/12.1.0/avr5\libgcc.a(_clear_bss.o)
 .debug_abbrev  0x00000000000005f2       0x14 d:/avr/bin/../lib/gcc/avr/12.1.0/avr5\libgcc.a(_udivmodhi4.o)
 .debug_abbrev  0x0000000000000606       0x14 d:/avr/bin/../lib/gcc/avr/12.1.0/avr5\libgcc.a(_divmodsi4.o)
 .debug_abbrev  0x000000000000061a       0x14 d:/avr/bin/../lib/gcc/avr/12.1.0/avr5\libgcc.a(_negsi2.o)
 .debug_abbrev  0x000000000000062e       0x14 d:/avr/bin/../lib/gcc/avr/12.1.0/avr5\libgcc.a(_muluhisi3.o)
 .debug_abbrev  0x0000000000000642       0x14 d:/avr/bin/../lib/gcc/avr/12.1.0/avr5\libgcc.a(_mulshisi3.o)
 .debug_abbrev  0x0000000000000656       0x14 d:/avr/bin/../lib/gcc/avr/12.1.0/avr5\libgcc.a(_udivmodsi4.o)
 .debug_abbrev  0x000000000000066a       0x14 d:/avr/bin/../lib/gcc/avr/12.1.0/avr5\libgcc.a(_umulhisi3.o)

.debug_line     0x0000000000000000      0x686
 *(.debug_line .debug_line.* .debug_line_end)
 .debug_line    0x0000000000000000       0x1d d:/avr/bin/../lib/gcc/avr/12.1.0/../../../../avr/lib/avr5/crtatmega328p.o
 .debug_line    0x000000000000001d       0xb7 d:/avr/bin/../lib/gcc/avr/12.1.0/avr5\libgcc.a(_divmodhi4.o)
 .debug_line    0x00000000000000d4       0x51 d:/avr/bin/../lib/gcc/avr/12.1.0/avr5\libgcc.a(_exit.o)
 .debug_line    0x0000000000000125       0x87 d:/avr/bin/../lib/gcc/avr/12.1.0/avr5\libgcc.a(_copy_data.o)
 .debug_line    0x00000000000001ac       0x75 d:/avr/bin/../lib/gcc/avr/12.1.0/avr5\libgcc.a(_clear_bss.o)
 .debug_line    0x0000000000000221       0xbd d:/avr/bin/../lib/gcc/avr/12.1.0/avr5\libgcc.a(_udivmodhi4.o)
 .debug_line    0x00000000000002de       0xbd d:/avr/bin/../lib/gcc/avr/12.1.0/avr5\libgcc.a(_divmodsi4.o)
 .debug_line    0x000000000000039b       0x51 d:/avr/bin/../lib/gcc/avr/12.1.0/avr5\libgcc.a(_negsi2.o)
 .debug_line    0x00000000000003ec       0x81 d:/avr/bin/../lib/gcc/avr/12.1.0/avr5\libgcc.a(_muluhisi3.o)
 .debug_line    0x000000000000046d       0x69 d:/avr/bin/../lib/gcc/avr/12.1.0/avr5\libgcc.a(_mulshisi3.o)
 .debug_line    0x00000000000004d6      0x111 d:/avr/bin/../lib/gcc/avr/12.1.0/avr5\libgcc.a(_udivmodsi4.o)
 .debug_line    0x00000000000005e7       0x9f d:/avr/bin/../lib/gcc/avr/12.1.0/avr5\libgcc.a(_umulhisi3.o)

.debug_frame
 *(.debug_frame)

.debug_str      0x0000000000000000      0x26a
 *(.debug_str)
 .debug_str     0x0000000000000000      0x20b d:/avr/bin/../lib/gcc/avr/12.1.0/../../../../avr/lib/avr5/crtatmega328p.o
 .debug_str     0x000000000000020b       0x5f d:/avr/bin/../lib/gcc/avr/12.1.0/avr5\libgcc.a(_divmodhi4.o)
 .debug_str     0x000000000000026a       0x5f d:/avr/bin/../lib/gcc/avr/12.1.0/avr5\libgcc.a(_exit.o)
 .debug_str     0x000000000000026a       0x5f d:/avr/bin/../lib/gcc/avr/12.1.0/avr5\libgcc.a(_copy_data.o)
 .debug_str     0x000000000000026a       0x5f d:/avr/bin/../lib/gcc/avr/12.1.0/avr5\libgcc.a(_clear_bss.o)
 .debug_str     0x000000000000026a       0x5f d:/avr/bin/../lib/gcc/avr/12.1.0/avr5\libgcc.a(_udivmodhi4.o)
 .debug_str     0x000000000000026a       0x5f d:/avr/bin/../lib/gcc/avr/12.1.0/avr5\libgcc.a(_divmodsi4.o)
 .debug_str     0x000000000000026a       0x5f d:/avr/bin/../lib/gcc/avr/12.1.0/avr5\libgcc.a(_negsi2.o)
 .debug_str     0x000000000000026a       0x5f d:/avr/bin/../lib/gcc/avr/12.1.0/avr5\libgcc.a(_muluhisi3.o)
 .debug_str     0x000000000000026a       0x5f d:/avr/bin/../lib/gcc/avr/12.1.0/avr5\libgcc.a(_mulshisi3.o)
 .debug_str     0x000000000000026a       0x5f d:/avr/bin/../lib/gcc/avr/12.1.0/avr5\libgcc.a(_udivmodsi4.o)
 .debug_str     0x000000000000026a       0x5f d:/avr/bin/../lib/gcc/avr/12.1.0/avr5\libgcc.a(_umulhisi3.o)

.debug_loc
 *(.debug_loc)

.debug_macinfo
 *(.debug_macinfo)

.debug_weaknames
 *(.debug_weaknames)

.debug_funcnames
 *(.debug_funcnames)

.debug_typenames
 *(.debug_typenames)

.debug_varnames
 *(.debug_varnames)

.debug_pubtypes
 *(.debug_pubtypes)

.debug_ranges
 *(.debug_ranges)

.debug_addr
 *(.debug_addr)

.debug_line_str
                0x0000000000000000       0x53
 *(.debug_line_str)
 .debug_line_str
                0x0000000000000000       0x53 d:/avr/bin/../lib/gcc/avr/12.1.0/avr5\libgcc.a(_divmodhi4.o)
                                         0x5f (size before relaxing)
 .debug_line_str
                0x0000000000000053       0x5f d:/avr/bin/../lib/gcc/avr/12.1.0/avr5\libgcc.a(_exit.o)
 .debug_line_str
                0x0000000000000053       0x5f d:/avr/bin/../lib/gcc/avr/12.1.0/avr5\libgcc.a(_copy_data.o)
 .debug_line_str
                0x0000000000000053       0x5f d:/avr/bin/../lib/gcc/avr/12.1.0/avr5\libgcc.a(_clear_bss.o)
 .debug_line_str
                0x0000000000000053       0x5f d:/avr/bin/../lib/gcc/avr/12.1.0/avr5\libgcc.a(_udivmodhi4.o)
 .debug_line_str
                0x0000000000000053       0x5f d:/avr/bin/../lib/gcc/avr/12.1.0/avr5\libgcc.a(_divmodsi4.o)
 .debug_line_str
                0x0000000000000053       0x5f d:/avr/bin/../lib/gcc/avr/12.1.0/avr5\libgcc.a(_negsi2.o)
 .debug_line_str
                0x0000000000000053       0x5f d:/avr/bin/../lib/gcc/avr/12.1.0/avr5\libgcc.a(_muluhisi3.o)
 .debug_line_str
                0x0000000000000053       0x5f d:/avr/bin/../lib/gcc/avr/12.1.0/avr5\libgcc.a(_mulshisi3.o)
 .debug_line_str
                0x0000000000000053       0x5f d:/avr/bin/../lib/gcc/avr/12.1.0/avr5\libgcc.a(_udivmodsi4.o)
 .debug_line_str
                0x0000000000000053       0x5f d:/avr/bin/../lib/gcc/avr/12.1.0/avr5\libgcc.a(_umulhisi3.o)

.debug_loclists
 *(.debug_loclists)

.debug_macro
 *(.debug_macro)

.debug_names
 *(.debug_names)

.debug_rnglists
 *(.debug_rnglists)

.debug_str_offsets
 *(.debug_str_offsets)

.debug_sup
 *(.debug_sup)
OUTPUT(avrdemo.elf elf32-avr)
LOAD linker stubs
